// Jest Snapshot v1, https://goo.gl/fbAQLP

exports[`renders successfully 1`] = `ShallowWrapper {}`;
